MAP

NAME Europa
STATUS on
SIZE 400 400
EXTENT -3000000 3500000 3000000 9500000
UNITS meters
SHAPEPATH "data/"
SYMBOLSET "symbols.sym"
IMAGECOLOR 254 253 252
FONTSET "fonts/fontset"
TRANSPARENT on
INTERLACE on

WEB
	IMAGEPATH "../tmp/"
	IMAGEURL "/tmp/"
	MINSCALE 75000
	MAXSCALE 4000000
END

REFERENCE
	SIZE 122 142
	STATUS on
	EXTENT -3000000 3500000 3000000 9500000
	OUTLINECOLOR 100 0 0
	IMAGE "mini_europa.png"
END

LEGEND
	KEYSIZE 14 12
	LABEL
		TYPE PNG
		SIZE small
		COLOR 0 0 0
	END
	STATUS on
END

SCALEBAR
  IMAGECOLOR 255 255 255
  LABEL
    COLOR 0 0 0
    SIZE tiny    
  END
  STYLE 1
  SIZE 100 2
	COLOR 0 0 0
  UNITS KILOMETERS
  INTERVALS 2
  TRANSPARENT off
  STATUS EMBED
END

LAYER
  NAME "Countryf"
  TYPE line
  DATA "europa2"
  STATUS on
	CLASSITEM 'NAME'
  CLASS
		SIZE 10
    COLOR 200 220 240
		SYMBOL "circle"
  END
  TOLERANCE 5
END



LAYER
  NAME "Country"
  TYPE polygon
  DATA "europa2"
  STATUS on
	CLASSITEM 'NAME'
	#LABELITEM 'NAME'
  CLASS
		LABEL
			POSITION auto
			COLOR 0 60 120
			FONT arial_bold
			TYPE truetype
			SIZE 9
			ANTIALIAS true
		END
    COLOR 240 230 200
		OUTLINECOLOR 160 110 60
  END
  TOLERANCE 15
END

LAYER
	NAME "category"
	TYPE point
	STATUS off
END

END
