MAP

NAME France
STATUS on
EXTENT 00000 1630000 1267000 2690000
UNITS meters
SHAPEPATH "data/"
SYMBOLSET "symbols.sym"
IMAGECOLOR 254 253 252
FONTSET "fonts/fontset"
TRANSPARENT on
INTERLACE on

WEB
	IMAGEURL "/tmp/"
	MINSCALE 400000
	MAXSCALE 4000000
END

REFERENCE
	SIZE 122 142
	STATUS on
	EXTENT 00000 1630000 1267000 2690000
	OUTLINECOLOR 100 0 0
	IMAGE "mini_france.png"
END

LEGEND
	KEYSIZE 20 18
	KEYSPACING 7 5
	LABEL
		FONT arial_bold
		TYPE truetype
		SIZE 8
		ANTIALIAS on
		FORCE on
		COLOR 60 60 60
	END
	TRANSPARENT on
	OUTLINECOLOR 255 255 255
	STATUS on
END

SCALEBAR
  IMAGECOLOR 255 255 255
  LABEL
    COLOR 0 0 0
    SIZE tiny    
  END
  STYLE 1
  SIZE 100 2
	COLOR 0 0 0
  UNITS KILOMETERS
  INTERVALS 2
  TRANSPARENT off
  STATUS EMBED
END


LAYER
  NAME "fond3"
	GROUP "fond"
  TYPE line
  DATA "limdep"
  STATUS on
	CLASSITEM 'NATURE'
  CLASS
		EXPRESSION ('[NATURE]' eq 'Frontière internationale')
		SIZE 12
		COLOR 200 150 100
		SYMBOL "circle"
  END
  TOLERANCE 5
END

LAYER
  NAME "fond2"
	GROUP "fond"
  TYPE line
  DATA "limdep"
  STATUS on
	CLASSITEM 'NATURE'
  CLASS
		EXPRESSION ('[NATURE]' eq 'Limite côtière')
		SIZE 12
		COLOR 100 150 200
		SYMBOL "circle"
  END
  TOLERANCE 5
END

LAYER
  NAME "fond1"
	GROUP "fond"
  TYPE line
  DATA "limdep"
  STATUS on
	CLASSITEM 'NATURE'
  CLASS
		EXPRESSION ('[NATURE]' eq 'Limite côtière' OR '[NATURE]' eq 'Frontière internationale')
		SIZE 5
		COLOR 0 0 0
		SYMBOL "circle"
  END
  TOLERANCE 5
END

LAYER
  NAME "Départements"
  TYPE polygon
  DATA "dep"
  STATUS on
	GROUP "fond"
	CLASSITEM 'CODE_DEPT'
	LABELITEM 'NOM_DEPT'
	SYMBOLSCALE 6000000
  CLASS
		LABEL
			POSITION cc
			COLOR 200 150 100
			FONT arial_bold
			TYPE truetype
			ANTIALIAS true
			MINSIZE 2
			MAXSIZE 9
		END
    COLOR 240 230 200
		OUTLINECOLOR 160 110 60
  END
  TOLERANCE 5
END

LAYER
  NAME "regions"
  TYPE line
  DATA "limdep"
  STATUS on
	GROUP "regions" 
	CLASSITEM 'NATURE'
  CLASS
		EXPRESSION ('[NATURE]' eq 'Limite de région')
		SIZE 1
		COLOR 0 0 0
		SYMBOL "circle"
  END
  TOLERANCE 5
END

LAYER
  NAME "communes6"
  TYPE point 
  DATA "communes"
  STATUS off
	CLASSITEM 'nom'
	GROUP "fond"
	LABELITEM 'NOM'
  CLASS
		NAME "Communes"
		SYMBOL ordi
		LABEL
			POSITION lc 
			COLOR 0 60 120
			FONT arial_bold
			TYPE truetype
			MINSIZE 2
			MAXSIZE 8
			ANTIALIAS true
		END
		OUTLINECOLOR 128 128 128
		COLOR 255 0 0
  END
  TOLERANCE 1
END


LAYER
  NAME "communes3"
  TYPE point 
  DATA "communes"
  STATUS off
	GROUP "fond"
	CLASSITEM 'nom'
	LABELITEM 'NOM'
	POSTLABELCACHE true
  CLASS
		NAME "Trolls"
		SYMBOL troll
		OUTLINECOLOR 128 128 128
		LABEL
			POSITION lc 
			OFFSET 0 5
			COLOR 42 42 42
			OUTLINECOLOR 42 242 42 
			FONT verdana
			TYPE truetype
			ANTIALIAS true
			SIZE 8
		END
		OUTLINECOLOR 128 128 128
		COLOR 255 0 0
  END
  TOLERANCE 1
END


LAYER
  NAME "communes4"
  TYPE point 
  DATA "communes"
  STATUS off
	GROUP "fond"
	CLASSITEM 'nom'
	LABELITEM nom
	POSTLABELCACHE true
  CLASS
		NAME "Humains"
		SYMBOL human
		OUTLINECOLOR 128 128 128
		LABEL
			POSITION lc
			OFFSET 0 5
			COLOR 0 0 0
			OUTLINECOLOR 100 160 220
			FONT verdana
			TYPE truetype
			ANTIALIAS true
			SIZE 8
		END
  END
  TOLERANCE 1
END


LAYER
  NAME "communes"
  TYPE point 
  DATA "communes"
  STATUS off
	GROUP "fond"
	CLASSITEM 'nom'
	LABELITEM 'nom'
	POSTLABELCACHE true
  CLASS
		NAME "First jeudi"
		SYMBOL ordi2
		OUTLINECOLOR 128 128 128
		LABEL
			POSITION lc
			OFFSET 0 5
			COLOR 0 0 0
			OUTLINECOLOR 255 150 130
			FONT verdana
			TYPE truetype
			ANTIALIAS true
			SIZE 8
		END
  END
  TOLERANCE 1
END

LAYER
  NAME "communes2"
  TYPE point 
  DATA "communes"
  STATUS off
	CLASSITEM 'NOM'
	LABELITEM 'NOM'
	POSTLABELCACHE true
  CLASS
		NAME "Groupes"
		SYMBOL tux
		OUTLINECOLOR 128 128 128
 		LABEL
			POSITION lc
			OFFSET 0 5
			COLOR 0 0 0
			OUTLINECOLOR 255 255 255
			FONT verdana_bold
			TYPE truetype
			ANTIALIAS true
			SIZE 8
		END
 	END
  TOLERANCE 1
END


LAYER
  NAME "communes5"
  TYPE point 
  DATA "communes"
  STATUS off
	GROUP "fond"
	CLASSITEM 'nom'
	LABELITEM 'nom'
	POSTLABELCACHE true
  CLASS
		NAME "Evenements"
		SYMBOL flagblue
		OUTLINECOLOR 128 128 128
		LABEL
			POSITION lc
			OFFSET 0 5
			COLOR 255 255 255
			OUTLINECOLOR 0 20 56
			FONT verdana_bold
			TYPE truetype
			ANTIALIAS true
			SIZE 9
		END
  END
  TOLERANCE 1
END

LAYER
  NAME "communes6"
  TYPE point 
  DATA "communes"
  STATUS off
	GROUP "fond"
	CLASSITEM 'code_postal'
	LABELITEM 'nom'
	POSTLABELCACHE true
  CLASS
		NAME "Communes"
		SYMBOL ordi
		SIZE 8
		OUTLINECOLOR 128 128 128
		LABEL
			POSITION lc
			OFFSET 0 5
			COLOR 255 255 255
			OUTLINECOLOR 0 20 56
			FONT verdana_bold
			TYPE truetype
			ANTIALIAS true
			SIZE 9
		END
  END
  TOLERANCE 1
END

LAYER
  NAME "flag"
  TYPE point 
  STATUS off
	CLASSITEM 'nom'
  CLASS
		SYMBOL 'flag2'
  END
  TOLERANCE 1
END


END

